[themebubble.com/demo/webify/app-landing/index.html]
[backblue.gif]
[fade.gif]
[index.html]
[themebubble.com/demo/webify/app-landing/wp-content/uploads/sites/12/2019/05/gvtjgtyi2ii.jpg]
[themebubble.com/demo/webify/app-landing/feed/index.html]
[themebubble.com/demo/webify/app-landing/comments/feed/index.html]
[themebubble.com/demo/webify/app-landing/wp-content/cache/min/12/825aa2124199959ab58cbbd67c138004.css]
[themebubble.com/demo/webify/app-landing/wp-content/themes/webify/assets/img/error-bg.jpg]
[themebubble.com/demo/webify/app-landing/xmlrpc0db0.php]
[themebubble.com/demo/webify/app-landing/wp-includes/wlwmanifest.xml]
[themebubble.com/demo/webify/app-landing/wp-json/index.html]
[themebubble.com/demo/webify/app-landing/wp-json/oembed/1.0/embed9c78.json]
[themebubble.com/demo/webify/app-landing/wp-json/oembed/1.0/embedd2a0]
[themebubble.com/demo/webify/app-landing/wp-content/uploads/sites/12/2019/05/cropped-Favicon-32x32.png]
[themebubble.com/demo/webify/app-landing/wp-content/uploads/sites/12/2019/05/cropped-Favicon-192x192.png]
[themebubble.com/demo/webify/app-landing/wp-content/uploads/sites/12/2019/05/cropped-Favicon-180x180.png]
[themebubble.com/demo/webify/app-landing/wp-content/themes/webify/assets/img/logo-dark.png]
[themebubble.com/demo/webify/app-landing/wp-content/uploads/sites/12/2019/05/mac-1.png]
[themebubble.com/demo/webify/app-landing/wp-content/uploads/sites/12/2019/05/mac.png]
[themebubble.com/demo/webify/app-landing/wp-content/uploads/sites/12/2019/04/SDASDASD.png]
[themebubble.com/demo/webify/app-landing/wp-content/uploads/sites/12/2019/05/wire-frame-1.png]
[themebubble.com/demo/webify/app-landing/wp-content/uploads/sites/12/2019/05/MV5BYzg2NDY4MjAtZDBjNS00MGRhLWJkZDMtYWJkZDM1NWZiMzgyXkEyXkFqcGdeQXVyMTE1MzA3MTI@._V1_UX172_CR00172256_AL_-50x50.jpg]
[themebubble.com/demo/webify/app-landing/wp-content/uploads/sites/12/2019/05/MV5BMTc2Mjc1MDE4MV5BMl5BanBnXkFtZTcwNzAyNDczNA@@._V1_UY256_CR80172256_AL_-50x50.jpg]
[themebubble.com/demo/webify/app-landing/wp-content/uploads/sites/12/2019/05/SDkno8aO-50x50.jpg]
[themebubble.com/demo/webify/app-landing/wp-content/uploads/sites/12/2019/05/cta-bg.jpg]
[themebubble.com/demo/webify/app-landing/wp-content/uploads/sites/12/2019/05/mobile.png]
[themebubble.com/demo/webify/app-landing/index.html]
[themebubble.com/demo/webify/app-landing/wp-content/plugins/contact-form-7/images/ajax-loader.gif]
[themebubble.com/demo/webify/app-landing/wp-content/plugins/elementor/assets/lib/font-awesome/fonts/fontawesome-webfont3e6e.eot]
[themebubble.com/demo/webify/app-landing/wp-content/plugins/elementor/assets/lib/font-awesome/fonts/fontawesome-webfontd41d.eot]
[themebubble.com/demo/webify/app-landing/wp-content/plugins/elementor/assets/lib/font-awesome/fonts/fontawesome-webfont3e6e.html]
[themebubble.com/demo/webify/app-landing/wp-content/plugins/elementor/assets/lib/font-awesome/fonts/fontawesome-webfont3e6e.svg]
[themebubble.com/demo/webify/app-landing/wp-content/themes/webify/assets/fonts/iconsmind.eot]
[themebubble.com/demo/webify/app-landing/wp-content/plugins/elementor/assets/lib/font-awesome/fonts/fontawesome-webfont3e6e.woff]
[themebubble.com/demo/webify/app-landing/wp-content/themes/webify/assets/fonts/iconsmind.woff]
[themebubble.com/demo/webify/app-landing/wp-content/plugins/elementor/assets/lib/eicons/fonts/eicons4310.html]
[themebubble.com/demo/webify/app-landing/wp-content/plugins/elementor/assets/lib/eicons/fonts/eicons4310.svg]
[themebubble.com/demo/webify/app-landing/wp-content/cache/min/12/825aa2124199959ab58cbbd67c138004.css]
[themebubble.com/demo/webify/app-landing/wp-content/cache/busting/12/demo/webify/app-landing/wp-includes/js/jquery/jquery-1.12.4-wp.js]
[themebubble.com/demo/webify/app-landing/blog/index.html]
[themebubble.com/demo/webify/app-landing/wp-content/plugins/elementor/assets/lib/eicons/fonts/eicons4310.eot]
[themebubble.com/demo/webify/app-landing/wp-content/uploads/sites/12/2019/07/sss.png]
[themebubble.com/demo/webify/app-landing/wp-content/plugins/elementor/assets/lib/eicons/fonts/eicons4310.woff]
[themebubble.com/demo/webify/app-landing/wp-content/plugins/elementor/assets/lib/eicons/fonts/eicons4310.ttf]
[themebubble.com/demo/webify/app-landing/wp-content/plugins/elementor/assets/lib/font-awesome/fonts/fontawesome-webfont3e6e.html]
[themebubble.com/demo/webify/app-landing/wp-content/cache/min/12/b9a60b8217186e4378ff49f3b5c50a4e.js]
[themebubble.com/demo/webify/app-landing/wp-content/plugins/elementor/assets/lib/font-awesome/fonts/fontawesome-webfont3e6e.ttf]
[themebubble.com/demo/webify/app-landing/wp-content/plugins/elementor/assets/lib/font-awesome/fonts/fontawesome-webfont3e6e.svg]
[themebubble.com/demo/webify/app-landing/wp-content/plugins/elementor/assets/lib/eicons/fonts/eicons4310.html]
[themebubble.com/demo/webify/app-landing/wp-content/plugins/elementor/assets/lib/eicons/fonts/eicons4310.svg]
[themebubble.com/demo/webify/app-landing/wp-content/uploads/sites/12/2019/07/photo-1511988617509-a57c8a288659.jpg]
[themebubble.com/demo/webify/app-landing/wp-content/themes/webify/assets/fonts/circular-regular.ttf]
[themebubble.com/demo/webify/app-landing/wp-content/cache/min/12/d3fe4f38d26bff5be6eead541c05fb6b.css]
[themebubble.com/demo/webify/app-landing/wp-json/oembed/1.0/embed3696.json]
[themebubble.com/demo/webify/app-landing/wp-json/oembed/1.0/embed4c93]
[themebubble.com/demo/webify/app-landing/wp-content/uploads/sites/12/2019/05/7lryofj0h9s.jpg]
[themebubble.com/demo/webify/app-landing/2019/04/15/the-thin-blur-line-between-corporate-lifestyle-other-things/index.html]
[themebubble.com/demo/webify/app-landing/wp-content/uploads/sites/12/2019/05/rujyuxwj3s0.jpg]
[themebubble.com/demo/webify/app-landing/category/lifestyle/index.html]
[themebubble.com/demo/webify/app-landing/wp-content/uploads/sites/12/2019/05/l5dxwlmywmm.jpg]
[themebubble.com/demo/webify/app-landing/2019/04/15/halfway-though-a-decade-more/index.html]
[themebubble.com/demo/webify/app-landing/author/developmentthemebubble/index.html]
[themebubble.com/demo/webify/app-landing/wp-content/uploads/sites/12/2019/05/gd6hkygugi8.jpg]
[themebubble.com/demo/webify/app-landing/2019/04/15/how-to-live-a-balanced-life-like-everyone/index.html]
[themebubble.com/demo/webify/app-landing/2019/04/15/there-will-be-a-time-when-it-all-goes-against-you/index.html]
[themebubble.com/demo/webify/app-landing/wp-content/uploads/sites/12/2019/05/mcsdtbwxuzu.jpg]
[themebubble.com/demo/webify/app-landing/2019/04/15/smashing-dreams-more-of-it/index.html]
[themebubble.com/demo/webify/app-landing/wp-content/uploads/sites/12/2019/05/owvrb-m3gwe.jpg]
[themebubble.com/demo/webify/app-landing/wp-content/themes/webify/assets/fonts/iconsmind.ttf]
[themebubble.com/demo/webify/app-landing/wp-content/uploads/sites/12/2019/05/wo23uj_8euu.jpg]
[themebubble.com/demo/webify/app-landing/2019/04/15/the-life-hack-you-might-think-you-know/index.html]
[themebubble.com/demo/webify/app-landing/2019/04/15/sublime-art-of-not-worrying-at-all/index.html]
[themebubble.com/demo/webify/app-landing/2019/04/15/a-brief-history-of-everything-in-between/index.html]
[themebubble.com/demo/webify/app-landing/wp-content/uploads/sites/12/2019/05/Untitled-1-1.png]
[themebubble.com/demo/webify/app-landing/2019/04/15/what-to-expect-in-a-changed-lifestyle/index.html]
[themebubble.com/demo/webify/app-landing/blog/index.html]
[themebubble.com/demo/webify/app-landing/blog/page/2/index.html]
[themebubble.com/demo/webify/app-landing/wp-content/cache/min/12/d3fe4f38d26bff5be6eead541c05fb6b.css]
[themebubble.com/demo/webify/app-landing/wp-content/uploads/sites/12/2019/05/s9cc2skysjm.jpg]
[themebubble.com/demo/webify/app-landing/indexc094.html]
[themebubble.com/demo/webify/app-landing/wp-content/cache/min/12/497cda95a21c57c0e7e03010ffdaf85b.js]
[themebubble.com/demo/webify/app-landing/wp-json/oembed/1.0/embed560b.json]
[themebubble.com/demo/webify/app-landing/2019/04/15/the-thin-blur-line-between-corporate-lifestyle-other-things/feed/index.html]
[themebubble.com/demo/webify/app-landing/wp-content/cache/min/12/3d83ddd93275d2f8f6e82a5380c699d0.css]
[themebubble.com/demo/webify/app-landing/wp-json/oembed/1.0/embed8fa8]
[themebubble.com/demo/webify/creative/wp-content/uploads/sites/8/2019/04/qxyjgownc_i-1024x683.jpg]
[themebubble.com/demo/webify/creative/wp-content/uploads/sites/8/2019/04/d2phv1q00pk-1024x683.jpg]
[themebubble.com/demo/webify/app-landing/2019/04/15/the-thin-blur-line-between-corporate-lifestyle-other-things/index.html]
[themebubble.com/demo/webify/app-landing/wp-content/cache/min/12/186e285c72e11bc385ba82c48c5cd72f.js]
[themebubble.com/demo/webify/app-landing/tag/food/index.html]
[themebubble.com/demo/webify/app-landing/tag/fun/index.html]
[themebubble.com/demo/webify/app-landing/tag/office/index.html]
[themebubble.com/demo/webify/app-landing/category/lifestyle/index.html]
[themebubble.com/demo/webify/app-landing/category/lifestyle/page/2/index.html]
[themebubble.com/demo/webify/app-landing/author/developmentthemebubble/index.html]
[themebubble.com/demo/webify/app-landing/wp-content/cache/min/12/ef56e02629c852a64c3c776483819a5c.css]
[themebubble.com/demo/webify/app-landing/category/lifestyle/feed/index.html]
[themebubble.com/demo/webify/app-landing/wp-content/cache/min/12/55e0dc0edba0d2daaca9284cc30bc7a3.js]
[themebubble.com/demo/webify/app-landing/author/developmentthemebubble/feed/index.html]
[themebubble.com/demo/webify/app-landing/wp-json/oembed/1.0/embedf40a.json]
[themebubble.com/demo/webify/app-landing/2019/04/15/halfway-though-a-decade-more/feed/index.html]
[themebubble.com/demo/webify/app-landing/wp-json/oembed/1.0/embed7e51]
[themebubble.com/demo/webify/app-landing/2019/04/15/halfway-though-a-decade-more/index.html]
[themebubble.com/demo/webify/app-landing/wp-json/oembed/1.0/embedc919.json]
[themebubble.com/demo/webify/app-landing/2019/04/15/how-to-live-a-balanced-life-like-everyone/feed/index.html]
[themebubble.com/demo/webify/app-landing/wp-json/oembed/1.0/embed8fd9]
[themebubble.com/demo/webify/app-landing/2019/04/15/how-to-live-a-balanced-life-like-everyone/index.html]
[themebubble.com/demo/webify/app-landing/wp-json/oembed/1.0/embedc60e.json]
[themebubble.com/demo/webify/app-landing/2019/04/15/there-will-be-a-time-when-it-all-goes-against-you/feed/index.html]
[themebubble.com/demo/webify/app-landing/wp-json/oembed/1.0/embed1ffe]
[themebubble.com/demo/webify/app-landing/2019/04/15/there-will-be-a-time-when-it-all-goes-against-you/index.html]
[themebubble.com/demo/webify/app-landing/wp-json/oembed/1.0/embed00e0.json]
[themebubble.com/demo/webify/app-landing/2019/04/15/smashing-dreams-more-of-it/feed/index.html]
[themebubble.com/demo/webify/app-landing/wp-json/oembed/1.0/embed66a9]
[themebubble.com/demo/webify/app-landing/2019/04/15/smashing-dreams-more-of-it/index.html]
[themebubble.com/demo/webify/app-landing/wp-json/oembed/1.0/embed51cc.json]
[themebubble.com/demo/webify/app-landing/2019/04/15/the-life-hack-you-might-think-you-know/feed/index.html]
[themebubble.com/demo/webify/app-landing/wp-json/oembed/1.0/embedee28]
[themebubble.com/demo/webify/app-landing/2019/04/15/the-life-hack-you-might-think-you-know/index.html]
[themebubble.com/demo/webify/app-landing/wp-json/oembed/1.0/embed4217.json]
[themebubble.com/demo/webify/app-landing/2019/04/15/sublime-art-of-not-worrying-at-all/feed/index.html]
[themebubble.com/demo/webify/app-landing/wp-json/oembed/1.0/embed39cd]
[themebubble.com/demo/webify/app-landing/2019/04/15/sublime-art-of-not-worrying-at-all/index.html]
[themebubble.com/demo/webify/app-landing/wp-json/oembed/1.0/embed391d.json]
[themebubble.com/demo/webify/app-landing/2019/04/15/a-brief-history-of-everything-in-between/feed/index.html]
[themebubble.com/demo/webify/app-landing/wp-json/oembed/1.0/embed99a0]
[themebubble.com/demo/webify/app-landing/2019/04/15/a-brief-history-of-everything-in-between/index.html]
[themebubble.com/demo/webify/app-landing/wp-json/oembed/1.0/embed6e3b.json]
[themebubble.com/demo/webify/app-landing/2019/04/15/what-to-expect-in-a-changed-lifestyle/feed/index.html]
[themebubble.com/demo/webify/app-landing/wp-json/oembed/1.0/embeda0ba]
[themebubble.com/demo/webify/app-landing/2019/04/15/what-to-expect-in-a-changed-lifestyle/index.html]
[themebubble.com/demo/webify/app-landing/wp-content/uploads/sites/12/2019/05/qci_mzvodou.jpg]
[themebubble.com/demo/webify/app-landing/blog/page/2/index.html]
[themebubble.com/demo/webify/app-landing/wp-content/cache/min/12/3d83ddd93275d2f8f6e82a5380c699d0.css]
[themebubble.com/demo/webify/app-landing/tag/food/index.html]
[themebubble.com/demo/webify/app-landing/2019/04/13/hello/index.html]
[themebubble.com/demo/webify/app-landing/tag/fun/index.html]
[themebubble.com/demo/webify/app-landing/tag/fun/page/2/index.html]
[themebubble.com/demo/webify/app-landing/tag/food/page/2/index.html]
[themebubble.com/demo/webify/app-landing/tag/food/feed/index.html]
[themebubble.com/demo/webify/app-landing/tag/office/index.html]
[themebubble.com/demo/webify/app-landing/tag/office/page/2/index.html]
[themebubble.com/demo/webify/app-landing/wp-content/cache/min/12/ef56e02629c852a64c3c776483819a5c.css]
[themebubble.com/demo/webify/app-landing/tag/fun/feed/index.html]
[themebubble.com/demo/webify/app-landing/tag/office/feed/index.html]
[themebubble.com/demo/webify/app-landing/category/lifestyle/page/2/index.html]
[themebubble.com/demo/webify/app-landing/tag/workspace/index.html]
[themebubble.com/demo/webify/app-landing/indexba1b.html]
[themebubble.com/demo/webify/app-landing/indexf3dd.html]
[themebubble.com/demo/webify/app-landing/index905c.html]
[themebubble.com/demo/webify/app-landing/index0114.html]
[themebubble.com/demo/webify/app-landing/indexe4c6.html]
[themebubble.com/demo/webify/app-landing/index0eba.html]
[themebubble.com/demo/webify/app-landing/index1e11.html]
[themebubble.com/demo/webify/app-landing/indexcb89.html]
[themebubble.com/demo/webify/app-landing/2019/04/15/the-future-of-south-lies-in-secret/index.html]
[themebubble.com/demo/webify/app-landing/author/developmentthemebubble/page/2/index.html]
[themebubble.com/demo/webify/app-landing/wp-json/oembed/1.0/embed20fb.json]
[themebubble.com/demo/webify/app-landing/2019/04/13/hello/feed/index.html]
[themebubble.com/demo/webify/app-landing/2019/04/13/hello/index.html]
[themebubble.com/demo/webify/app-landing/wp-json/oembed/1.0/embed8296]
[themebubble.com/demo/webify/app-landing/blog/page/1/index.html]
[themebubble.com/demo/webify/app-landing/indexd7c9.html]
[themebubble.com/demo/webify/app-landing/tag/food/page/2/index.html]
[themebubble.com/demo/webify/app-landing/tag/fun/page/2/index.html]
[themebubble.com/demo/webify/app-landing/tag/office/page/2/index.html]
[themebubble.com/demo/webify/app-landing/tag/workspace/index.html]
[themebubble.com/demo/webify/app-landing/category/lifestyle/page/1/index.html]
[themebubble.com/demo/webify/app-landing/tag/workspace/page/2/index.html]
[themebubble.com/demo/webify/app-landing/tag/workspace/feed/index.html]
[themebubble.com/demo/webify/app-landing/wp-json/oembed/1.0/embede64a]
[themebubble.com/demo/webify/app-landing/2019/04/15/the-future-of-south-lies-in-secret/feed/index.html]
[themebubble.com/demo/webify/app-landing/wp-json/oembed/1.0/embeda5d7]
[themebubble.com/demo/webify/app-landing/2019/04/15/the-future-of-south-lies-in-secret/index.html]
[themebubble.com/demo/webify/app-landing/author/developmentthemebubble/page/2/index.html]
[themebubble.com/demo/webify/app-landing/index8320.html]
[themebubble.com/demo/webify/app-landing/tag/fun/page/1/index.html]
[themebubble.com/demo/webify/app-landing/tag/office/page/1/index.html]
[themebubble.com/demo/webify/app-landing/tag/workspace/page/2/index.html]
[themebubble.com/demo/webify/app-landing/index6452.html]
[themebubble.com/demo/webify/app-landing/author/developmentthemebubble/page/1/index.html]
[themebubble.com/demo/webify/app-landing/tag/food/page/1/index.html]
[themebubble.com/demo/webify/app-landing/tag/workspace/page/1/index.html]
